7.999999999999998224e-01 5.999999999999999778e-01 0.000000000000000000e+00
-6.000000000000000888e-01 8.000000000000000444e-01 0.000000000000000000e+00
0.000000000000000000e+00 0.000000000000000000e+00 1.000000000000000000e+00
