1.134885714285714275e+00 -1.377114285714285680e-01 -6.638857142857143012e-01 -4.351142857142857590e-02
-1.377114285714285680e-01 1.385188571428571658e-01 4.351142857142857590e-02 -4.108914285714285880e-02
-6.638857142857143012e-01 4.351142857142857590e-02 1.134885714285714275e+00 1.377114285714285680e-01
-4.351142857142857590e-02 -4.108914285714285880e-02 1.377114285714285680e-01 1.385188571428571658e-01
