2.686498000922519780e-01 5.372537768128859970e-01 2.646540947681319977e+00 5.290346804807939840e+00 8.291658370067459316e+00 5.703160180415810032e+01
