1.199999999999999956e+00 5.999999999999999778e-01 0.000000000000000000e+00 2.000000000000000000e+00 0.000000000000000000e+00 0.000000000000000000e+00
