3.260377358490567422e+05 4.347169811320756562e+05 0.000000000000000000e+00 0.000000000000000000e+00 0.000000000000000000e+00 2.716981132075472851e+05 -3.260377358490567422e+05 -4.347169811320756562e+05 0.000000000000000000e+00 0.000000000000000000e+00 0.000000000000000000e+00 2.716981132075472851e+05
